// Jest Snapshot v1, https://goo.gl/fbAQLP

exports[`Timeline renders correctly with basic props 1`] = `
<TimelineComponent
  class="test"
  customVisualization={false}
  data={
    Map {
      "" => [
        {
          "action": undefined,
          "description": "description",
          "eventDateTime": "time",
          "icon": undefined,
          "title": "title1",
        },
        {
          "action": undefined,
          "description": "description",
          "eventDateTime": "time",
          "icon": undefined,
          "title": "title1",
        },
      ],
    }
  }
  groupEvents={true}
  ungroupedEventsPosition="end"
/>
`;
