// Jest Snapshot v1, https://goo.gl/fbAQLP

exports[`Tooltip render DOM structure 1`] = `
<DocumentFragment>
  <div
    class="widget-tooltip widget-tooltip-right"
  >
    <div
      class="widget-tooltip-trigger"
    >
      <div
        data-testid="tooltip-trigger"
        tabindex="0"
      >
        Trigger
      </div>
    </div>
    <div
      class="widget-tooltip-content"
      data-popper-escaped="true"
      data-popper-placement="right"
      data-popper-reference-hidden="true"
      role="tooltip"
      style="position: absolute; left: 0px; top: 0px; transform: translate(8px, 0px);"
    >
      Tooltip text
      <div
        class="widget-tooltip-arrow"
        style="position: absolute; top: 0px; transform: translate(0px, 5px);"
      />
    </div>
  </div>
</DocumentFragment>
`;
